;
; This is the map file for LenMus Phonascus help system
; The map file contains two or three fields per line: numeric_id relative_URL [; comment/documentation]
;
;   - The numeric_id is the id used to look up the entry in DisplaySection()/DisplayBlock().
;   - The relative_URL is a filename of an html file, relative to the help directory.
;   - The optional comment/documentation field (after a ';') is used for keyword searches, so some
;     meaningful text here does not hurt. If the documentation itself contains a ';', only the part 
;     before that will be displayed in the listbox, but all of it used for search.
;   - Lines starting with ';' are ignored.
;
; id   page to display                   content description (for search)  TRANSLATE ALL THIS
;----  -------------------------------  ----------------------------------------------------------
1      general-rules.html               ;Editor quick guide ;chord barline clef time signature key
1005   notes-rests.html                 ;Entering notes and rests ;note rest
2      study-guide.html                 ;Study guide
3      search.html                      ;Search
;
1000   index.html                       ;Users' Guide

